Print first and last name
Examples:
>>> say_my_name = __import__('3-say_my_name').say_my_name
>>> say_my_name("Khiba", "Koenane")
My name is Khiba Koenane

>>> say_my_name(5, "Koenane")
Traceback (most recent call last):
TypeError: first_name must be a string

>>> say_my_name("Khiba", 8)
Traceback (most recent call last):
TypeError: last_name must be a string

 >>> say_my_name(None)
 Traceback (most recent call last):
 TypeError: first_name must be a string

>>> say_my_name()
Traceback (most recent call last):
TypeError: say_my_name() missing 1 required positional argument: 'first_name'

